[0m15:16:07.877213 [debug] [MainThread]: Sending event: {'category': 'dbt', 'action': 'invocation', 'label': 'start', 'context': [<snowplow_tracker.self_describing_json.SelfDescribingJson object at 0x7cd60009b680>, <snowplow_tracker.self_describing_json.SelfDescribingJson object at 0x7cd601a14650>, <snowplow_tracker.self_describing_json.SelfDescribingJson object at 0x7cd5ff7d0620>]}


============================== 15:16:07.906131 | 385a1707-f7a2-4e07-86b7-f70e5f994f2d ==============================
[0m15:16:07.906131 [info ] [MainThread]: Running with dbt=1.10.2
[0m15:16:07.906500 [debug] [MainThread]: running dbt with arguments {'printer_width': '80', 'indirect_selection': 'eager', 'log_cache_events': 'False', 'write_json': 'True', 'partial_parse': 'True', 'cache_selected_only': 'False', 'profiles_dir': '/home/aderaldo/.dbt', 'debug': 'False', 'warn_error': 'None', 'log_path': 'logs', 'fail_fast': 'False', 'version_check': 'True', 'use_colors': 'True', 'use_experimental_parser': 'False', 'empty': 'None', 'quiet': 'False', 'no_print': 'None', 'warn_error_options': 'WarnErrorOptionsV2(error=[], warn=[], silence=[])', 'invocation_command': 'dbt init', 'static_parser': 'True', 'introspect': 'True', 'target_path': 'None', 'log_format': 'default', 'send_anonymous_usage_stats': 'True'}
[0m15:16:07.937485 [info ] [MainThread]: Creating dbt configuration folder at /home/aderaldo/.dbt
[0m15:20:43.518893 [debug] [MainThread]: Starter project path: /home/aderaldo/Estudos/Workshop_jd/1_local_setup/.venv/lib/python3.12/site-packages/dbt/include/starter_project
[0m15:20:43.521584 [info ] [MainThread]: 
Your new dbt project "jornada_dw" was created!

For more information on how to configure the profiles.yml file,
please consult the dbt documentation here:

  https://docs.getdbt.com/docs/configure-your-profile

One more thing:

Need help? Don't hesitate to reach out to us via GitHub issues or on Slack:

  https://community.getdbt.com/

Happy modeling!

[0m15:20:43.522086 [info ] [MainThread]: Setting up your profile.
[0m15:35:06.813604 [info ] [MainThread]: Profile jornada_dw written to /home/aderaldo/.dbt/profiles.yml using target's profile_template.yml and your supplied values. Run 'dbt debug' to validate the connection.
[0m15:35:06.823824 [debug] [MainThread]: Resource report: {"command_name": "init", "command_success": true, "command_wall_clock_time": 1138.9828, "process_in_blocks": "5208", "process_kernel_time": 0.152919, "process_mem_max_rss": "123820", "process_out_blocks": "33768", "process_user_time": 2.079911}
[0m15:35:06.825128 [debug] [MainThread]: Command `dbt init` succeeded at 15:35:06.824884 after 1138.98 seconds
[0m15:35:06.825897 [debug] [MainThread]: Sending event: {'category': 'dbt', 'action': 'invocation', 'label': 'end', 'context': [<snowplow_tracker.self_describing_json.SelfDescribingJson object at 0x7cd5ff720ad0>, <snowplow_tracker.self_describing_json.SelfDescribingJson object at 0x7cd5ff298a40>, <snowplow_tracker.self_describing_json.SelfDescribingJson object at 0x7cd5ff59f140>]}
[0m15:35:06.826685 [debug] [MainThread]: Flushing usage events
[0m15:35:07.396092 [debug] [MainThread]: An error was encountered while trying to flush usage events
[0m10:08:07.999947 [debug] [MainThread]: Sending event: {'category': 'dbt', 'action': 'invocation', 'label': 'start', 'context': [<snowplow_tracker.self_describing_json.SelfDescribingJson object at 0x7614093615e0>, <snowplow_tracker.self_describing_json.SelfDescribingJson object at 0x761406bceba0>, <snowplow_tracker.self_describing_json.SelfDescribingJson object at 0x76140878a360>]}


============================== 10:08:08.004868 | bcdcf3d8-2442-460a-850b-f387894d2f2b ==============================
[0m10:08:08.004868 [info ] [MainThread]: Running with dbt=1.10.2
[0m10:08:08.005465 [debug] [MainThread]: running dbt with arguments {'printer_width': '80', 'indirect_selection': 'eager', 'log_cache_events': 'False', 'write_json': 'True', 'partial_parse': 'True', 'cache_selected_only': 'False', 'warn_error': 'None', 'fail_fast': 'False', 'debug': 'False', 'log_path': 'logs', 'profiles_dir': '/home/aderaldo/.dbt', 'version_check': 'True', 'use_colors': 'True', 'use_experimental_parser': 'False', 'empty': 'None', 'quiet': 'False', 'no_print': 'None', 'log_format': 'default', 'invocation_command': 'dbt deps', 'static_parser': 'True', 'introspect': 'True', 'target_path': 'None', 'warn_error_options': 'WarnErrorOptionsV2(error=[], warn=[], silence=[])', 'send_anonymous_usage_stats': 'True'}
[0m10:08:08.006123 [error] [MainThread]: Encountered an error:
Runtime Error
  No dbt_project.yml found at expected path /home/aderaldo/Estudos/Workshop_jd/2_data_warehouse/dbt_project.yml
  Verify that each entry within packages.yml (and their transitive dependencies) contains a file named dbt_project.yml
  
[0m10:08:08.007727 [debug] [MainThread]: Resource report: {"command_name": "deps", "command_success": false, "command_wall_clock_time": 0.047078248, "process_in_blocks": "51184", "process_kernel_time": 0.097786, "process_mem_max_rss": "98996", "process_out_blocks": "16", "process_user_time": 0.937535}
[0m10:08:08.008288 [debug] [MainThread]: Command `dbt deps` failed at 10:08:08.008176 after 0.05 seconds
[0m10:08:08.008707 [debug] [MainThread]: Sending event: {'category': 'dbt', 'action': 'invocation', 'label': 'end', 'context': [<snowplow_tracker.self_describing_json.SelfDescribingJson object at 0x761406ca8a70>, <snowplow_tracker.self_describing_json.SelfDescribingJson object at 0x76140663e390>, <snowplow_tracker.self_describing_json.SelfDescribingJson object at 0x761406119790>]}
[0m10:08:08.009129 [debug] [MainThread]: Flushing usage events
[0m10:08:08.973412 [debug] [MainThread]: An error was encountered while trying to flush usage events
[0m11:11:12.483666 [debug] [MainThread]: Sending event: {'category': 'dbt', 'action': 'invocation', 'label': 'start', 'context': [<snowplow_tracker.self_describing_json.SelfDescribingJson object at 0x723d254a8800>, <snowplow_tracker.self_describing_json.SelfDescribingJson object at 0x723d256a8fb0>, <snowplow_tracker.self_describing_json.SelfDescribingJson object at 0x723d254a8fe0>]}


============================== 11:11:12.485912 | b546bddd-d3c3-49f0-8f36-1416f53e3c84 ==============================
[0m11:11:12.485912 [info ] [MainThread]: Running with dbt=1.10.2
[0m11:11:12.486267 [debug] [MainThread]: running dbt with arguments {'printer_width': '80', 'indirect_selection': 'eager', 'log_cache_events': 'False', 'write_json': 'True', 'partial_parse': 'True', 'cache_selected_only': 'False', 'profiles_dir': '/home/aderaldo/.dbt', 'version_check': 'True', 'warn_error': 'None', 'log_path': 'logs', 'fail_fast': 'False', 'debug': 'False', 'use_colors': 'True', 'use_experimental_parser': 'False', 'empty': 'False', 'quiet': 'False', 'no_print': 'None', 'log_format': 'default', 'static_parser': 'True', 'introspect': 'True', 'invocation_command': 'dbt build --exclude-resource-type seed', 'target_path': 'None', 'warn_error_options': 'WarnErrorOptionsV2(error=[], warn=[], silence=[])', 'send_anonymous_usage_stats': 'True'}
[0m11:11:12.486621 [error] [MainThread]: Encountered an error:
Runtime Error
  No dbt_project.yml found at expected path /home/aderaldo/Estudos/Workshop_jd/2_data_warehouse/dbt_project.yml
  Verify that each entry within packages.yml (and their transitive dependencies) contains a file named dbt_project.yml
  
[0m11:11:12.487507 [debug] [MainThread]: Resource report: {"command_name": "build", "command_success": false, "command_wall_clock_time": 0.04225205, "process_in_blocks": "0", "process_kernel_time": 0.076727, "process_mem_max_rss": "99476", "process_out_blocks": "8", "process_user_time": 0.901801}
[0m11:11:12.487963 [debug] [MainThread]: Command `dbt build` failed at 11:11:12.487865 after 0.04 seconds
[0m11:11:12.488302 [debug] [MainThread]: Sending event: {'category': 'dbt', 'action': 'invocation', 'label': 'end', 'context': [<snowplow_tracker.self_describing_json.SelfDescribingJson object at 0x723d25096150>, <snowplow_tracker.self_describing_json.SelfDescribingJson object at 0x723d289b3b90>, <snowplow_tracker.self_describing_json.SelfDescribingJson object at 0x723d256a8fb0>]}
[0m11:11:12.488779 [debug] [MainThread]: Flushing usage events
[0m11:11:13.441349 [debug] [MainThread]: An error was encountered while trying to flush usage events
[0m14:52:36.023237 [debug] [MainThread]: Sending event: {'category': 'dbt', 'action': 'invocation', 'label': 'start', 'context': [<snowplow_tracker.self_describing_json.SelfDescribingJson object at 0x75678cd76150>, <snowplow_tracker.self_describing_json.SelfDescribingJson object at 0x75678d4aa420>, <snowplow_tracker.self_describing_json.SelfDescribingJson object at 0x75678c530ad0>]}


============================== 14:52:36.029036 | 84dc2cc7-9f59-4e3c-838b-a0d735a5a308 ==============================
[0m14:52:36.029036 [info ] [MainThread]: Running with dbt=1.10.2
[0m14:52:36.029700 [debug] [MainThread]: running dbt with arguments {'printer_width': '80', 'indirect_selection': 'eager', 'log_cache_events': 'False', 'write_json': 'True', 'partial_parse': 'True', 'cache_selected_only': 'False', 'warn_error': 'None', 'version_check': 'True', 'fail_fast': 'False', 'log_path': 'logs', 'profiles_dir': '/home/aderaldo/.dbt', 'debug': 'False', 'use_colors': 'True', 'use_experimental_parser': 'False', 'empty': 'None', 'quiet': 'False', 'no_print': 'None', 'warn_error_options': 'WarnErrorOptionsV2(error=[], warn=[], silence=[])', 'static_parser': 'True', 'introspect': 'True', 'invocation_command': 'dbt debug', 'target_path': 'None', 'log_format': 'default', 'send_anonymous_usage_stats': 'True'}
[0m14:52:36.045766 [info ] [MainThread]: dbt version: 1.10.2
[0m14:52:36.046290 [info ] [MainThread]: python version: 3.12.3
[0m14:52:36.046693 [info ] [MainThread]: python path: /home/aderaldo/Estudos/Workshop_jd/1_local_setup/.venv/bin/python3
[0m14:52:36.047027 [info ] [MainThread]: os info: Linux-6.11.0-29-generic-x86_64-with-glibc2.39
[0m14:52:36.154627 [info ] [MainThread]: Using profiles dir at /home/aderaldo/.dbt
[0m14:52:36.155198 [info ] [MainThread]: Using profiles.yml file at /home/aderaldo/.dbt/profiles.yml
[0m14:52:36.155581 [info ] [MainThread]: Using dbt_project.yml file at /home/aderaldo/Estudos/Workshop_jd/2_data_warehouse/dbt_project.yml
[0m14:52:36.157940 [info ] [MainThread]: adapter type: postgres
[0m14:52:36.158718 [info ] [MainThread]: adapter version: 1.9.0
[0m14:52:36.159179 [info ] [MainThread]: Configuration:
[0m14:52:36.159535 [info ] [MainThread]:   profiles.yml file [[32mOK found and valid[0m]
[0m14:52:36.159885 [info ] [MainThread]:   dbt_project.yml file [[31mERROR not found[0m]
[0m14:52:36.160225 [info ] [MainThread]: Required dependencies:
[0m14:52:36.160580 [debug] [MainThread]: Executing "git --help"
[0m14:52:36.164168 [debug] [MainThread]: STDOUT: "b"usage: git [-v | --version] [-h | --help] [-C <path>] [-c <name>=<value>]\n           [--exec-path[=<path>]] [--html-path] [--man-path] [--info-path]\n           [-p | --paginate | -P | --no-pager] [--no-replace-objects] [--bare]\n           [--git-dir=<path>] [--work-tree=<path>] [--namespace=<name>]\n           [--config-env=<name>=<envvar>] <command> [<args>]\n\nThese are common Git commands used in various situations:\n\nstart a working area (see also: git help tutorial)\n   clone     Clone a repository into a new directory\n   init      Create an empty Git repository or reinitialize an existing one\n\nwork on the current change (see also: git help everyday)\n   add       Add file contents to the index\n   mv        Move or rename a file, a directory, or a symlink\n   restore   Restore working tree files\n   rm        Remove files from the working tree and from the index\n\nexamine the history and state (see also: git help revisions)\n   bisect    Use binary search to find the commit that introduced a bug\n   diff      Show changes between commits, commit and working tree, etc\n   grep      Print lines matching a pattern\n   log       Show commit logs\n   show      Show various types of objects\n   status    Show the working tree status\n\ngrow, mark and tweak your common history\n   branch    List, create, or delete branches\n   commit    Record changes to the repository\n   merge     Join two or more development histories together\n   rebase    Reapply commits on top of another base tip\n   reset     Reset current HEAD to the specified state\n   switch    Switch branches\n   tag       Create, list, delete or verify a tag object signed with GPG\n\ncollaborate (see also: git help workflows)\n   fetch     Download objects and refs from another repository\n   pull      Fetch from and integrate with another repository or a local branch\n   push      Update remote refs along with associated objects\n\n'git help -a' and 'git help -g' list available subcommands and some\nconcept guides. See 'git help <command>' or 'git help <concept>'\nto read about a specific subcommand or concept.\nSee 'git help git' for an overview of the system.\n""
[0m14:52:36.165151 [debug] [MainThread]: STDERR: "b''"
[0m14:52:36.165821 [info ] [MainThread]:  - git [[32mOK found[0m]

[0m14:52:36.166452 [info ] [MainThread]: Connection:
[0m14:52:36.167081 [info ] [MainThread]:   host: localhost
[0m14:52:36.167712 [info ] [MainThread]:   port: 5433
[0m14:52:36.168332 [info ] [MainThread]:   user: dbtuser
[0m14:52:36.168969 [info ] [MainThread]:   database: dbt_db
[0m14:52:36.169570 [info ] [MainThread]:   schema: public
[0m14:52:36.170140 [info ] [MainThread]:   connect_timeout: 10
[0m14:52:36.170988 [info ] [MainThread]:   role: None
[0m14:52:36.171600 [info ] [MainThread]:   search_path: None
[0m14:52:36.172038 [info ] [MainThread]:   keepalives_idle: 0
[0m14:52:36.172434 [info ] [MainThread]:   sslmode: None
[0m14:52:36.172807 [info ] [MainThread]:   sslcert: None
[0m14:52:36.173206 [info ] [MainThread]:   sslkey: None
[0m14:52:36.173611 [info ] [MainThread]:   sslrootcert: None
[0m14:52:36.173998 [info ] [MainThread]:   application_name: dbt
[0m14:52:36.174401 [info ] [MainThread]:   retries: 1
[0m14:52:36.175113 [info ] [MainThread]: Registered adapter: postgres=1.9.0
[0m14:52:36.253984 [debug] [MainThread]: Acquiring new postgres connection 'debug'
[0m14:52:36.281657 [debug] [MainThread]: Using postgres connection "debug"
[0m14:52:36.282159 [debug] [MainThread]: On debug: select 1 as id
[0m14:52:36.282526 [debug] [MainThread]: Opening a new connection, currently in state init
[0m14:52:36.315795 [debug] [MainThread]: Postgres adapter: Got a retryable error when attempting to open a postgres connection.
1 attempts remaining. Retrying in 0 seconds.
Error:
connection to server at "localhost" (127.0.0.1), port 5433 failed: FATAL:  password authentication failed for user "dbtuser"
connection to server at "localhost" (127.0.0.1), port 5433 failed: FATAL:  password authentication failed for user "dbtuser"

[0m14:52:36.332814 [debug] [MainThread]: Postgres adapter: Error running SQL: select 1 as id
[0m14:52:36.333844 [debug] [MainThread]: Postgres adapter: Rolling back transaction.
[0m14:52:36.334499 [debug] [MainThread]: On debug: No close available on handle
[0m14:52:36.334988 [info ] [MainThread]:   Connection test: [[31mERROR[0m]

[0m14:52:36.335691 [info ] [MainThread]: [31m2 checks failed:[0m
[0m14:52:36.336473 [info ] [MainThread]: Project loading failed for the following reason:
 project path </home/aderaldo/Estudos/Workshop_jd/2_data_warehouse/dbt_project.yml> not found

[0m14:52:36.337221 [info ] [MainThread]: dbt was unable to connect to the specified database.
The database returned the following error:

  >Database Error
  connection to server at "localhost" (127.0.0.1), port 5433 failed: FATAL:  password authentication failed for user "dbtuser"
  connection to server at "localhost" (127.0.0.1), port 5433 failed: FATAL:  password authentication failed for user "dbtuser"
  

Check your database credentials and try again. For more information, visit:
https://docs.getdbt.com/docs/configure-your-profile


[0m14:52:36.340844 [debug] [MainThread]: Resource report: {"command_name": "debug", "command_success": false, "command_wall_clock_time": 0.38780808, "process_in_blocks": "67464", "process_kernel_time": 0.202276, "process_mem_max_rss": "112412", "process_out_blocks": "16", "process_user_time": 1.942252}
[0m14:52:36.341829 [debug] [MainThread]: Command `dbt debug` failed at 14:52:36.341612 after 0.39 seconds
[0m14:52:36.342438 [debug] [MainThread]: Connection 'debug' was properly closed.
[0m14:52:36.343039 [debug] [MainThread]: Sending event: {'category': 'dbt', 'action': 'invocation', 'label': 'end', 'context': [<snowplow_tracker.self_describing_json.SelfDescribingJson object at 0x75678c2c8440>, <snowplow_tracker.self_describing_json.SelfDescribingJson object at 0x75678cd76150>, <snowplow_tracker.self_describing_json.SelfDescribingJson object at 0x75678c319df0>]}
[0m14:52:36.343749 [debug] [MainThread]: Flushing usage events
[0m14:52:37.199905 [debug] [MainThread]: An error was encountered while trying to flush usage events
